Determining if the pthread_create exist failed with the following output:
Change Dir: /data4/angus_wj/MRiLab/MRiLab_master1/Lib/build/CMakeFiles/CMakeTmp

Run Build Command:"/usr/bin/make" "cmTC_0b39d/fast"
/usr/bin/make -f CMakeFiles/cmTC_0b39d.dir/build.make CMakeFiles/cmTC_0b39d.dir/build
make[1]: Entering directory '/data4/angus_wj/MRiLab/MRiLab_master1/Lib/build/CMakeFiles/CMakeTmp'
Building C object CMakeFiles/cmTC_0b39d.dir/CheckSymbolExists.c.o
/usr/bin/cc    -fPIC    -o CMakeFiles/cmTC_0b39d.dir/CheckSymbolExists.c.o   -c /data4/angus_wj/MRiLab/MRiLab_master1/Lib/build/CMakeFiles/CMakeTmp/CheckSymbolExists.c
Linking C executable cmTC_0b39d
/usr/bin/cmake -E cmake_link_script CMakeFiles/cmTC_0b39d.dir/link.txt --verbose=1
/usr/bin/cc  -fPIC     CMakeFiles/cmTC_0b39d.dir/CheckSymbolExists.c.o  -o cmTC_0b39d -rdynamic 
CMakeFiles/cmTC_0b39d.dir/CheckSymbolExists.c.o: In function `main':
CheckSymbolExists.c:(.text+0x1b): undefined reference to `pthread_create'
collect2: error: ld returned 1 exit status
CMakeFiles/cmTC_0b39d.dir/build.make:97: recipe for target 'cmTC_0b39d' failed
make[1]: *** [cmTC_0b39d] Error 1
make[1]: Leaving directory '/data4/angus_wj/MRiLab/MRiLab_master1/Lib/build/CMakeFiles/CMakeTmp'
Makefile:126: recipe for target 'cmTC_0b39d/fast' failed
make: *** [cmTC_0b39d/fast] Error 2

File /data4/angus_wj/MRiLab/MRiLab_master1/Lib/build/CMakeFiles/CMakeTmp/CheckSymbolExists.c:
/* */
#include <pthread.h>

int main(int argc, char** argv)
{
  (void)argv;
#ifndef pthread_create
  return ((int*)(&pthread_create))[argc];
#else
  (void)argc;
  return 0;
#endif
}

Determining if the function pthread_create exists in the pthreads failed with the following output:
Change Dir: /data4/angus_wj/MRiLab/MRiLab_master1/Lib/build/CMakeFiles/CMakeTmp

Run Build Command:"/usr/bin/make" "cmTC_332c1/fast"
/usr/bin/make -f CMakeFiles/cmTC_332c1.dir/build.make CMakeFiles/cmTC_332c1.dir/build
make[1]: Entering directory '/data4/angus_wj/MRiLab/MRiLab_master1/Lib/build/CMakeFiles/CMakeTmp'
Building C object CMakeFiles/cmTC_332c1.dir/CheckFunctionExists.c.o
/usr/bin/cc    -fPIC -DCHECK_FUNCTION_EXISTS=pthread_create   -o CMakeFiles/cmTC_332c1.dir/CheckFunctionExists.c.o   -c /usr/share/cmake-3.5/Modules/CheckFunctionExists.c
Linking C executable cmTC_332c1
/usr/bin/cmake -E cmake_link_script CMakeFiles/cmTC_332c1.dir/link.txt --verbose=1
/usr/bin/cc  -fPIC -DCHECK_FUNCTION_EXISTS=pthread_create    CMakeFiles/cmTC_332c1.dir/CheckFunctionExists.c.o  -o cmTC_332c1 -rdynamic -lpthreads 
/usr/bin/ld: cannot find -lpthreads
collect2: error: ld returned 1 exit status
CMakeFiles/cmTC_332c1.dir/build.make:97: recipe for target 'cmTC_332c1' failed
make[1]: *** [cmTC_332c1] Error 1
make[1]: Leaving directory '/data4/angus_wj/MRiLab/MRiLab_master1/Lib/build/CMakeFiles/CMakeTmp'
Makefile:126: recipe for target 'cmTC_332c1/fast' failed
make: *** [cmTC_332c1/fast] Error 2


